// Vitest Snapshot v1, https://vitest.dev/guide/snapshot.html

exports[`basic 1`] = `
"//#region index.ts
console.log("Hello, world!");

//#endregion"
`;

exports[`cjs import 1`] = `
""use strict";

//#region foo.ts
const foo = 1;

//#endregion
exports.foo = foo"
`;

exports[`esm import 1`] = `
"//#region foo.ts
const foo = 1;

//#endregion
export { foo };"
`;

exports[`syntax lowering 1`] = `
"//#region index.ts
var _a, _a$b;
const foo = (_a = a) === null || _a === void 0 || (_a$b = _a.b) === null || _a$b === void 0 ? void 0 : _a$b.call(_a);

//#endregion
export { foo };"
`;
