// Vitest Snapshot v1, https://vitest.dev/guide/snapshot.html

exports[`basic 1`] = `
"//#region index.ts
console.log("Hello, world!");

//#endregion"
`;

exports[`cjs import 1`] = `
""use strict";

//#region foo.ts
const foo = 1;

//#endregion
Object.defineProperty(exports, 'foo', {
  enumerable: true,
  get: function () {
    return foo;
  }
});"
`;

exports[`esm import 1`] = `
"//#region foo.ts
const foo = 1;

//#endregion
export { foo };"
`;
